>>> Starting Agent Boot Sequence...
[1/6] Checking User Account               [OK]
   ... Running as service user 'agent-admin' (uid=1000)
[2/6] Verifying Environment Variables     [OK]
   ... All required Envs correct
[3/6] Checking Required Files             [OK]
   ... Verified 'secret.key' with correct key string.
[4/6] Checking Port Availability          [OK]
   ... Port 15034 is available.
[5/6] Verifying Log Permission            [OK]
   ... Log directory is writable: /var/log/agent-app
[6/6] Verifying Mission Environment       [OK]
   ... MEMORY_LIMIT=512MB, CPU_MAX_OCCUPY=100%, MULTI_THREAD_ENABLE=False
------------------------------------------------------------
All Boot Checks Passed!
Agent READY
2026-10-07 23:06:15,731 [INFO] [SafetyGuard] Process priority lowered (nice=10).
2026-10-07 23:06:15,731 [INFO] Agent listening at port 15034

==================================================
 [ Agent Initiate ] Resource Check 
==================================================
 [ MEMORY ] Limit: 512MB 		[ OK ]
 [ CPU    ] Limit: 100%  		[ WARNING: Recommend Under 50% ]
 [ THREAD ] Concurrency: False 		[ OK ]
--------------------------------------------------
 >>> SYSTEM STATUS: STABLE. STARTING WORKLOAD MONITORING...
==================================================

2026-10-07 23:06:17,742 [INFO] [CpuWorker] Started. Maximum CPU Limit: 100%
2026-10-07 23:06:17,743 [INFO] [CpuWorker] Current Load: 5.00%
2026-10-07 23:06:20,862 [INFO] [CpuWorker] Current Load: 11.17%
2026-10-07 23:06:23,981 [INFO] [CpuWorker] Current Load: 17.71%
2026-10-07 23:06:27,095 [INFO] [CpuWorker] Current Load: 18.36%
2026-10-07 23:06:30,218 [INFO] [CpuWorker] Current Load: 22.84%
2026-10-07 23:06:33,337 [INFO] [CpuWorker] Current Load: 26.63%
2026-10-07 23:06:36,457 [INFO] [CpuWorker] Current Load: 27.10%
2026-10-07 23:06:39,581 [INFO] [CpuWorker] Current Load: 29.61%
2026-10-07 23:06:42,701 [INFO] [CpuWorker] Current Load: 31.02%
2026-10-07 23:06:45,821 [INFO] [CpuWorker] Current Load: 37.20%
2026-10-07 23:06:48,941 [INFO] [CpuWorker] Current Load: 41.24%
2026-10-07 23:06:52,059 [INFO] [CpuWorker] Current Load: 43.08%
2026-10-07 23:06:55,176 [INFO] [CpuWorker] Current Load: 44.58%
2026-10-07 23:06:58,287 [INFO] [CpuWorker] Current Load: 49.77%
2026-10-07 23:07:01,396 [INFO] [CpuWorker] Current Load: 51.62%
2026-10-07 23:07:01,497 [CRITICAL] [CpuWorker] CPU Threshold Violated! (51.620000000000005%).
Terminated
