>>> Starting Agent Boot Sequence...
[1/6] Checking User Account               [OK]
   ... Running as service user 'user' (uid=1000)
[2/6] Verifying Environment Variables     [OK]
   ... All required Envs correct
[3/6] Checking Required Files             [OK]
   ... Verified 'secret.key' with correct key string.
[4/6] Checking Port Availability          [OK]
   ... Port 15034 is available.
[5/6] Verifying Log Permission            [OK]
   ... Log directory is writable: /home/user/b1-2-work/logs
[6/6] Verifying Mission Environment       [OK]
   ... MEMORY_LIMIT=512MB, CPU_MAX_OCCUPY=50%, MULTI_THREAD_ENABLE=False
------------------------------------------------------------
All Boot Checks Passed!
Agent READY
2026-08-09 14:46:25,637 [INFO] [SafetyGuard] Process priority lowered (nice=10).
2026-08-09 14:46:25,638 [INFO] Agent listening at port 15034

==================================================
 [ Agent Initiate ] Resource Check 
==================================================
 [ MEMORY ] Limit: 512MB 		[ OK ]
 [ CPU    ] Limit: 50%  		[ OK ]
 [ THREAD ] Concurrency: False 		[ OK ]
--------------------------------------------------
 >>> SYSTEM STATUS: STABLE. STARTING WORKLOAD MONITORING...
==================================================

2026-08-09 14:46:27,648 [INFO] >>> Scenario Selected: [Healthy System Monitoring]

>>> [SYSTEM] ALL CONFIGURATIONS OPTIMAL. RUNNING STABILITY TEST... <<<

2026-08-09 14:46:27,648 [INFO] [Scheduler] Task Scheduler Initialized.
2026-08-09 14:46:27,648 [INFO] [Scheduler] Registered Tasks: ['Thread-A', 'Thread-B', 'Thread-C']
2026-08-09 14:46:27,648 [INFO] [Scheduler] Starting task execution...
2026-08-09 14:46:27,648 [INFO] [Thread-A] Task Started. Calculating... (20%)
2026-08-09 14:46:27,699 [INFO] [Thread-A] Calculating... (40%)
2026-08-09 14:46:27,750 [INFO] [Thread-A] Calculating... (60%)
2026-08-09 14:46:27,801 [INFO] [Thread-A] Calculating... (80%)
2026-08-09 14:46:27,851 [INFO] [Thread-A] Task Completed. (100%)
2026-08-09 14:46:27,902 [INFO] [Thread-B] Task Started. Calculating... (20%)
2026-08-09 14:46:27,953 [INFO] [Thread-B] Calculating... (40%)
2026-08-09 14:46:28,004 [INFO] [Thread-B] Calculating... (60%)
2026-08-09 14:46:28,054 [INFO] [Thread-B] Calculating... (80%)
2026-08-09 14:46:28,105 [INFO] [Thread-B] Task Completed. (100%)
2026-08-09 14:46:28,156 [INFO] [Thread-C] Task Started. Calculating... (20%)
2026-08-09 14:46:28,206 [INFO] [Thread-C] Calculating... (40%)
2026-08-09 14:46:28,257 [INFO] [Thread-C] Calculating... (60%)
2026-08-09 14:46:28,308 [INFO] [Thread-C] Calculating... (80%)
2026-08-09 14:46:28,358 [INFO] [Thread-C] Task Completed. (100%)
2026-08-09 14:46:28,409 [INFO] [Scheduler] All tasks completed.
2026-08-09 14:46:28,420 [INFO] [MemoryWorker] Current Heap: 25MB
2026-08-09 14:46:28,421 [INFO] [CpuWorker] Started. Maximum CPU Limit: 50%
2026-08-09 14:46:28,421 [INFO] [CpuWorker] Current Load: 5.00%
2026-08-09 14:46:31,447 [INFO] [MemoryWorker] Current Heap: 50MB
2026-08-09 14:46:31,537 [INFO] [CpuWorker] Current Load: 6.43%
2026-08-09 14:46:34,475 [INFO] [MemoryWorker] Current Heap: 75MB
2026-08-09 14:46:34,653 [INFO] [CpuWorker] Current Load: 12.54%
2026-08-09 14:46:37,510 [INFO] [MemoryWorker] Current Heap: 100MB
2026-08-09 14:46:37,769 [INFO] [CpuWorker] Current Load: 15.33%
2026-08-09 14:46:40,544 [INFO] [MemoryWorker] Current Heap: 125MB
2026-08-09 14:46:40,886 [INFO] [CpuWorker] Current Load: 20.83%
2026-08-09 14:46:43,578 [INFO] [MemoryWorker] Current Heap: 150MB
2026-08-09 14:46:44,002 [INFO] [CpuWorker] Current Load: 30.59%
2026-08-09 14:46:46,608 [INFO] [MemoryWorker] Current Heap: 175MB
2026-08-09 14:46:47,113 [INFO] [CpuWorker] Current Load: 31.42%
2026-08-09 14:46:49,625 [INFO] [MemoryWorker] Current Heap: 200MB
2026-08-09 14:46:50,229 [INFO] [CpuWorker] Current Load: 40.39%
2026-08-09 14:46:52,658 [INFO] [MemoryWorker] Current Heap: 225MB
2026-08-09 14:46:53,345 [INFO] [CpuWorker] Current Load: 41.99%
2026-08-09 14:46:55,688 [INFO] [MemoryWorker] Current Heap: 250MB
2026-08-09 14:46:56,462 [INFO] [CpuWorker] Current Load: 48.65%
2026-08-09 14:46:58,573 [INFO] [CpuWorker] Peak reached (50.00%). Starting cooldown...
2026-08-09 14:46:58,715 [INFO] [MemoryWorker] Current Heap: 275MB
2026-08-09 14:46:59,579 [INFO] [CpuWorker] Current Load: 50.00%
2026-08-09 14:47:01,749 [INFO] [MemoryWorker] Current Heap: 300MB
2026-08-09 14:47:02,695 [INFO] [CpuWorker] Current Load: 40.15%
