>>> Starting Agent Boot Sequence...
[1/6] Checking User Account               [OK]
   ... Running as service user 'user' (uid=1000)
[2/6] Verifying Environment Variables     [OK]
   ... All required Envs correct
[3/6] Checking Required Files             [OK]
   ... Verified 'secret.key' with correct key string.
[4/6] Checking Port Availability          [OK]
   ... Port 15034 is available.
[5/6] Verifying Log Permission            [OK]
   ... Log directory is writable: /home/user/b1-2-work/logs
[6/6] Verifying Mission Environment       [OK]
   ... MEMORY_LIMIT=512MB, CPU_MAX_OCCUPY=100%, MULTI_THREAD_ENABLE=False
------------------------------------------------------------
All Boot Checks Passed!
Agent READY
2026-08-09 14:41:58,339 [INFO] [SafetyGuard] Process priority lowered (nice=10).
2026-08-09 14:41:58,339 [INFO] Agent listening at port 15034

==================================================
 [ Agent Initiate ] Resource Check 
==================================================
 [ MEMORY ] Limit: 512MB 		[ OK ]
 [ CPU    ] Limit: 100%  		[ WARNING: Recommend Under 50% ]
 [ THREAD ] Concurrency: False 		[ OK ]
--------------------------------------------------
 >>> SYSTEM STATUS: STABLE. STARTING WORKLOAD MONITORING...
==================================================

2026-08-09 14:42:00,347 [INFO] [CpuWorker] Started. Maximum CPU Limit: 100%
2026-08-09 14:42:00,348 [INFO] [CpuWorker] Current Load: 5.00%
2026-08-09 14:42:03,464 [INFO] [CpuWorker] Current Load: 10.13%
2026-08-09 14:42:06,580 [INFO] [CpuWorker] Current Load: 14.30%
2026-08-09 14:42:09,696 [INFO] [CpuWorker] Current Load: 20.74%
2026-08-09 14:42:12,812 [INFO] [CpuWorker] Current Load: 26.41%
2026-08-09 14:42:15,929 [INFO] [CpuWorker] Current Load: 28.04%
2026-08-09 14:42:19,045 [INFO] [CpuWorker] Current Load: 33.78%
2026-08-09 14:42:22,161 [INFO] [CpuWorker] Current Load: 36.88%
2026-08-09 14:42:25,277 [INFO] [CpuWorker] Current Load: 41.55%
2026-08-09 14:42:28,393 [INFO] [CpuWorker] Current Load: 43.07%
2026-08-09 14:42:31,509 [INFO] [CpuWorker] Current Load: 45.82%
2026-08-09 14:42:34,625 [INFO] [CpuWorker] Current Load: 49.95%
2026-08-09 14:42:37,741 [INFO] [CpuWorker] Current Load: 55.73%
2026-08-09 14:42:37,842 [CRITICAL] [CpuWorker] CPU Threshold Violated! (55.730000000000004%).
