>>> Starting Agent Boot Sequence...
[1/6] Checking User Account               [OK]
   ... Running as service user 'user' (uid=1000)
[2/6] Verifying Environment Variables     [OK]
   ... All required Envs correct
[3/6] Checking Required Files             [OK]
   ... Verified 'secret.key' with correct key string.
[4/6] Checking Port Availability          [OK]
   ... Port 15034 is available.
[5/6] Verifying Log Permission            [OK]
   ... Log directory is writable: /home/user/b1-2-work/logs
[6/6] Verifying Mission Environment       [OK]
   ... MEMORY_LIMIT=512MB, CPU_MAX_OCCUPY=50%, MULTI_THREAD_ENABLE=False
------------------------------------------------------------
All Boot Checks Passed!
Agent READY
2026-08-09 14:44:03,898 [INFO] [SafetyGuard] Process priority lowered (nice=10).
2026-08-09 14:44:03,898 [INFO] Agent listening at port 15034

==================================================
 [ Agent Initiate ] Resource Check 
==================================================
 [ MEMORY ] Limit: 512MB 		[ OK ]
 [ CPU    ] Limit: 50%  		[ OK ]
 [ THREAD ] Concurrency: False 		[ OK ]
--------------------------------------------------
 >>> SYSTEM STATUS: STABLE. STARTING WORKLOAD MONITORING...
==================================================

2026-08-09 14:44:05,908 [INFO] >>> Scenario Selected: [Healthy System Monitoring]

>>> [SYSTEM] ALL CONFIGURATIONS OPTIMAL. RUNNING STABILITY TEST... <<<

2026-08-09 14:44:05,909 [INFO] [Scheduler] Task Scheduler Initialized.
2026-08-09 14:44:05,909 [INFO] [Scheduler] Registered Tasks: ['Thread-A', 'Thread-B', 'Thread-C']
2026-08-09 14:44:05,909 [INFO] [Scheduler] Starting task execution...
2026-08-09 14:44:05,910 [INFO] [Thread-A] Task Started. Calculating... (20%)
2026-08-09 14:44:05,960 [INFO] [Thread-A] Calculating... (40%)
2026-08-09 14:44:06,011 [INFO] [Thread-A] Calculating... (60%)
2026-08-09 14:44:06,061 [INFO] [Thread-A] Calculating... (80%)
2026-08-09 14:44:06,112 [INFO] [Thread-A] Task Completed. (100%)
2026-08-09 14:44:06,163 [INFO] [Thread-B] Task Started. Calculating... (20%)
2026-08-09 14:44:06,213 [INFO] [Thread-B] Calculating... (40%)
2026-08-09 14:44:06,264 [INFO] [Thread-B] Calculating... (60%)
2026-08-09 14:44:06,315 [INFO] [Thread-B] Calculating... (80%)
2026-08-09 14:44:06,365 [INFO] [Thread-B] Task Completed. (100%)
2026-08-09 14:44:06,416 [INFO] [Thread-C] Task Started. Calculating... (20%)
2026-08-09 14:44:06,467 [INFO] [Thread-C] Calculating... (40%)
2026-08-09 14:44:06,518 [INFO] [Thread-C] Calculating... (60%)
2026-08-09 14:44:06,569 [INFO] [Thread-C] Calculating... (80%)
2026-08-09 14:44:06,619 [INFO] [Thread-C] Task Completed. (100%)
2026-08-09 14:44:06,670 [INFO] [Scheduler] All tasks completed.
2026-08-09 14:44:06,684 [INFO] [MemoryWorker] Current Heap: 25MB
2026-08-09 14:44:06,684 [INFO] [CpuWorker] Started. Maximum CPU Limit: 50%
2026-08-09 14:44:06,685 [INFO] [CpuWorker] Current Load: 5.00%
2026-08-09 14:44:09,710 [INFO] [MemoryWorker] Current Heap: 50MB
2026-08-09 14:44:09,801 [INFO] [CpuWorker] Current Load: 5.31%
2026-08-09 14:44:12,739 [INFO] [MemoryWorker] Current Heap: 75MB
2026-08-09 14:44:12,917 [INFO] [CpuWorker] Current Load: 6.56%
2026-08-09 14:44:15,767 [INFO] [MemoryWorker] Current Heap: 100MB
2026-08-09 14:44:16,033 [INFO] [CpuWorker] Current Load: 10.73%
2026-08-09 14:44:18,798 [INFO] [MemoryWorker] Current Heap: 125MB
2026-08-09 14:44:19,149 [INFO] [CpuWorker] Current Load: 20.10%
2026-08-09 14:44:21,829 [INFO] [MemoryWorker] Current Heap: 150MB
2026-08-09 14:44:22,266 [INFO] [CpuWorker] Current Load: 29.20%
2026-08-09 14:44:24,861 [INFO] [MemoryWorker] Current Heap: 175MB
2026-08-09 14:44:25,382 [INFO] [CpuWorker] Current Load: 33.44%
2026-08-09 14:44:27,891 [INFO] [MemoryWorker] Current Heap: 200MB
2026-08-09 14:44:28,498 [INFO] [CpuWorker] Current Load: 42.05%
2026-08-09 14:44:30,922 [INFO] [MemoryWorker] Current Heap: 225MB
2026-08-09 14:44:31,612 [INFO] [CpuWorker] Current Load: 49.09%
2026-08-09 14:44:33,723 [INFO] [CpuWorker] Peak reached (50.00%). Starting cooldown...
2026-08-09 14:44:33,953 [INFO] [MemoryWorker] Current Heap: 250MB
2026-08-09 14:44:34,728 [INFO] [CpuWorker] Current Load: 50.00%
2026-08-09 14:44:36,984 [INFO] [MemoryWorker] Current Heap: 275MB
2026-08-09 14:44:37,844 [INFO] [CpuWorker] Current Load: 47.32%
2026-08-09 14:44:40,015 [INFO] [MemoryWorker] Current Heap: 300MB
2026-08-09 14:44:40,961 [INFO] [CpuWorker] Current Load: 40.64%
2026-08-09 14:44:43,048 [INFO] [MemoryWorker] Current Heap: 325MB
2026-08-09 14:44:44,076 [INFO] [CpuWorker] Current Load: 37.18%
2026-08-09 14:44:46,073 [INFO] [MemoryWorker] Current Heap: 350MB
2026-08-09 14:44:47,193 [INFO] [CpuWorker] Current Load: 35.83%
2026-08-09 14:44:49,104 [INFO] [MemoryWorker] Current Heap: 375MB
2026-08-09 14:44:50,308 [INFO] [CpuWorker] Current Load: 30.51%
2026-08-09 14:44:52,124 [INFO] [MemoryWorker] Current Heap: 400MB
2026-08-09 14:44:53,421 [INFO] [CpuWorker] Current Load: 27.10%
2026-08-09 14:44:55,155 [INFO] [MemoryWorker] Current Heap: 425MB
2026-08-09 14:44:56,537 [INFO] [CpuWorker] Current Load: 25.57%
2026-08-09 14:44:58,185 [INFO] [MemoryWorker] Current Heap: 450MB
2026-08-09 14:44:59,653 [INFO] [CpuWorker] Current Load: 22.92%
2026-08-09 14:45:01,216 [INFO] [MemoryWorker] Current Heap: 475MB
2026-08-09 14:45:02,770 [INFO] [CpuWorker] Current Load: 13.18%
2026-08-09 14:45:04,246 [INFO] [MemoryWorker] Current Heap: 500MB
2026-08-09 14:45:05,886 [INFO] [CpuWorker] Current Load: 8.38%
2026-08-09 14:45:07,277 [INFO] [MemoryWorker] Current Heap: 525MB
2026-08-09 14:45:07,277 [WARNING] [MemoryWorker] Memory Usage Reached Limit (525MB). Starting cleanup...
2026-08-09 14:45:07,300 [INFO] [System] Memory Cache Flushed. Process Stabilized.

>>> [SYSTEM] MEMORY RECOVERED (Cache Cleared) <<<

2026-08-09 14:45:07,997 [INFO] [CpuWorker] Cooldown complete (5.00%). Resuming load increase...
2026-08-09 14:45:09,001 [INFO] [CpuWorker] Current Load: 5.00%
2026-08-09 14:45:12,118 [INFO] [CpuWorker] Current Load: 5.93%
2026-08-09 14:45:12,336 [INFO] [MemoryWorker] Current Heap: 25MB
2026-08-09 14:45:15,234 [INFO] [CpuWorker] Current Load: 13.86%
2026-08-09 14:45:15,363 [INFO] [MemoryWorker] Current Heap: 50MB
2026-08-09 14:45:18,350 [INFO] [CpuWorker] Current Load: 20.91%
