>>> Starting Agent Boot Sequence...
[1/6] Checking User Account               [OK]
   ... Running as service user 'user' (uid=1000)
[2/6] Verifying Environment Variables     [OK]
   ... All required Envs correct
[3/6] Checking Required Files             [OK]
   ... Verified 'secret.key' with correct key string.
[4/6] Checking Port Availability          [OK]
   ... Port 15034 is available.
[5/6] Verifying Log Permission            [OK]
   ... Log directory is writable: /home/user/b1-2-work/logs
[6/6] Verifying Mission Environment       [OK]
   ... MEMORY_LIMIT=256MB, CPU_MAX_OCCUPY=80%, MULTI_THREAD_ENABLE=False
------------------------------------------------------------
All Boot Checks Passed!
Agent READY
2026-08-09 14:38:48,357 [INFO] [SafetyGuard] Process priority lowered (nice=10).
2026-08-09 14:38:48,358 [INFO] Agent listening at port 15034

==================================================
 [ Agent Initiate ] Resource Check 
==================================================
 [ MEMORY ] Limit: 256MB 		[ WARNING: Recommend Over 256MB ]
 [ CPU    ] Limit: 80%  		[ WARNING: Recommend Under 50% ]
 [ THREAD ] Concurrency: False 		[ OK ]
--------------------------------------------------
 >>> SYSTEM STATUS: STABLE. STARTING WORKLOAD MONITORING...
==================================================

2026-08-09 14:38:50,378 [INFO] [MemoryWorker] Current Heap: 25MB
2026-08-09 14:38:53,409 [INFO] [MemoryWorker] Current Heap: 50MB
2026-08-09 14:38:56,440 [INFO] [MemoryWorker] Current Heap: 75MB
2026-08-09 14:38:59,470 [INFO] [MemoryWorker] Current Heap: 100MB
2026-08-09 14:39:02,501 [INFO] [MemoryWorker] Current Heap: 125MB
2026-08-09 14:39:05,528 [INFO] [MemoryWorker] Current Heap: 150MB
2026-08-09 14:39:08,563 [INFO] [MemoryWorker] Current Heap: 175MB
2026-08-09 14:39:11,593 [INFO] [MemoryWorker] Current Heap: 200MB
2026-08-09 14:39:14,623 [INFO] [MemoryWorker] Current Heap: 225MB
2026-08-09 14:39:17,655 [INFO] [MemoryWorker] Current Heap: 250MB
2026-08-09 14:39:20,690 [INFO] [MemoryWorker] Current Heap: 275MB
2026-08-09 14:39:20,690 [CRITICAL] [MemoryGuard] Memory limit exceeded (275MB >= 256MB) / (Recommend Over 256MB)
2026-08-09 14:39:20,690 [CRITICAL] [MemoryGuard] Self-terminating process 2062 to prevent system instability.
