>>> Starting Agent Boot Sequence...
[1/6] Checking User Account               [OK]
   ... Running as service user 'agent-admin' (uid=1000)
[2/6] Verifying Environment Variables     [OK]
   ... All required Envs correct
[3/6] Checking Required Files             [OK]
   ... Verified 'secret.key' with correct key string.
[4/6] Checking Port Availability          [OK]
   ... Port 15034 is available.
[5/6] Verifying Log Permission            [OK]
   ... Log directory is writable: /var/log/agent-app
[6/6] Verifying Mission Environment       [OK]
   ... MEMORY_LIMIT=512MB, CPU_MAX_OCCUPY=50%, MULTI_THREAD_ENABLE=False
------------------------------------------------------------
All Boot Checks Passed!
Agent READY
2026-10-07 23:02:48,819 [INFO] [SafetyGuard] Process priority lowered (nice=10).
2026-10-07 23:02:48,819 [INFO] Agent listening at port 15034

==================================================
 [ Agent Initiate ] Resource Check 
==================================================
 [ MEMORY ] Limit: 512MB 		[ OK ]
 [ CPU    ] Limit: 50%  		[ OK ]
 [ THREAD ] Concurrency: False 		[ OK ]
--------------------------------------------------
 >>> SYSTEM STATUS: STABLE. STARTING WORKLOAD MONITORING...
==================================================

2026-10-07 23:02:50,831 [INFO] >>> Scenario Selected: [Healthy System Monitoring]

>>> [SYSTEM] ALL CONFIGURATIONS OPTIMAL. RUNNING STABILITY TEST... <<<

2026-10-07 23:02:50,831 [INFO] [Scheduler] Task Scheduler Initialized.
2026-10-07 23:02:50,831 [INFO] [Scheduler] Registered Tasks: ['Thread-A', 'Thread-B', 'Thread-C']
2026-10-07 23:02:50,831 [INFO] [Scheduler] Starting task execution...
2026-10-07 23:02:50,831 [INFO] [Thread-B] Task Started. Calculating... (20%)
2026-10-07 23:02:50,882 [INFO] [Thread-B] Calculating... (40%)
2026-10-07 23:02:50,934 [INFO] [Thread-B] Calculating... (60%)
2026-10-07 23:02:50,985 [INFO] [Thread-B] Calculating... (80%)
2026-10-07 23:02:51,036 [INFO] [Thread-B] Task Completed. (100%)
2026-10-07 23:02:51,088 [INFO] [Thread-C] Task Started. Calculating... (20%)
2026-10-07 23:02:51,139 [INFO] [Thread-C] Calculating... (40%)
2026-10-07 23:02:51,189 [INFO] [Thread-C] Calculating... (60%)
2026-10-07 23:02:51,240 [INFO] [Thread-C] Calculating... (80%)
2026-10-07 23:02:51,291 [INFO] [Thread-C] Task Completed. (100%)
2026-10-07 23:02:51,342 [INFO] [Thread-A] Task Started. Calculating... (20%)
2026-10-07 23:02:51,393 [INFO] [Thread-A] Calculating... (40%)
2026-10-07 23:02:51,445 [INFO] [Thread-A] Calculating... (60%)
2026-10-07 23:02:51,497 [INFO] [Thread-A] Calculating... (80%)
2026-10-07 23:02:51,548 [INFO] [Thread-A] Task Completed. (100%)
2026-10-07 23:02:51,600 [INFO] [Scheduler] All tasks completed.
2026-10-07 23:02:51,639 [INFO] [MemoryWorker] Current Heap: 25MB
2026-10-07 23:02:51,640 [INFO] [CpuWorker] Started. Maximum CPU Limit: 50%
2026-10-07 23:02:51,640 [INFO] [CpuWorker] Current Load: 5.00%
2026-10-07 23:02:54,695 [INFO] [MemoryWorker] Current Heap: 50MB
2026-10-07 23:02:54,760 [INFO] [CpuWorker] Current Load: 12.04%
2026-10-07 23:02:57,752 [INFO] [MemoryWorker] Current Heap: 75MB
2026-10-07 23:02:57,880 [INFO] [CpuWorker] Current Load: 13.92%
2026-10-07 23:03:00,808 [INFO] [MemoryWorker] Current Heap: 100MB
2026-10-07 23:03:01,000 [INFO] [CpuWorker] Current Load: 17.22%
2026-10-07 23:03:03,861 [INFO] [MemoryWorker] Current Heap: 125MB
2026-10-07 23:03:04,119 [INFO] [CpuWorker] Current Load: 19.12%
2026-10-07 23:03:06,917 [INFO] [MemoryWorker] Current Heap: 150MB
2026-10-07 23:03:07,226 [INFO] [CpuWorker] Current Load: 20.79%
2026-10-07 23:03:09,974 [INFO] [MemoryWorker] Current Heap: 175MB
2026-10-07 23:03:10,347 [INFO] [CpuWorker] Current Load: 28.69%
2026-10-07 23:03:13,018 [INFO] [MemoryWorker] Current Heap: 200MB
2026-10-07 23:03:13,467 [INFO] [CpuWorker] Current Load: 31.18%
2026-10-07 23:03:16,073 [INFO] [MemoryWorker] Current Heap: 225MB
2026-10-07 23:03:16,588 [INFO] [CpuWorker] Current Load: 39.72%
2026-10-07 23:03:19,131 [INFO] [MemoryWorker] Current Heap: 250MB
2026-10-07 23:03:19,707 [INFO] [CpuWorker] Current Load: 41.15%
2026-10-07 23:03:22,185 [INFO] [MemoryWorker] Current Heap: 275MB
2026-10-07 23:03:22,827 [INFO] [CpuWorker] Current Load: 41.31%
2026-10-07 23:03:25,241 [INFO] [MemoryWorker] Current Heap: 300MB
2026-10-07 23:03:25,947 [INFO] [CpuWorker] Current Load: 47.23%
2026-10-07 23:03:28,061 [INFO] [CpuWorker] Peak reached (50.00%). Starting cooldown...
2026-10-07 23:03:28,297 [INFO] [MemoryWorker] Current Heap: 325MB
2026-10-07 23:03:29,068 [INFO] [CpuWorker] Current Load: 50.00%
2026-10-07 23:03:31,354 [INFO] [MemoryWorker] Current Heap: 350MB
2026-10-07 23:03:32,199 [INFO] [CpuWorker] Current Load: 46.22%
2026-10-07 23:03:34,409 [INFO] [MemoryWorker] Current Heap: 375MB
2026-10-07 23:03:35,319 [INFO] [CpuWorker] Current Load: 38.10%
2026-10-07 23:03:37,464 [INFO] [MemoryWorker] Current Heap: 400MB
2026-10-07 23:03:38,471 [INFO] [CpuWorker] Current Load: 28.58%
2026-10-07 23:03:40,522 [INFO] [MemoryWorker] Current Heap: 425MB
2026-10-07 23:03:41,592 [INFO] [CpuWorker] Current Load: 25.74%
2026-10-07 23:03:43,577 [INFO] [MemoryWorker] Current Heap: 450MB
2026-10-07 23:03:44,711 [INFO] [CpuWorker] Current Load: 18.89%
2026-10-07 23:03:46,633 [INFO] [MemoryWorker] Current Heap: 475MB
2026-10-07 23:03:47,831 [INFO] [CpuWorker] Current Load: 18.07%
2026-10-07 23:03:49,686 [INFO] [MemoryWorker] Current Heap: 500MB
2026-10-07 23:03:50,950 [INFO] [CpuWorker] Current Load: 14.51%
2026-10-07 23:03:52,741 [INFO] [MemoryWorker] Current Heap: 525MB
2026-10-07 23:03:52,741 [WARNING] [MemoryWorker] Memory Usage Reached Limit (525MB). Starting cleanup...
2026-10-07 23:03:52,750 [INFO] [System] Memory Cache Flushed. Process Stabilized.

>>> [SYSTEM] MEMORY RECOVERED (Cache Cleared) <<<

2026-10-07 23:03:54,071 [INFO] [CpuWorker] Current Load: 8.44%
2026-10-07 23:03:56,184 [INFO] [CpuWorker] Cooldown complete (5.00%). Resuming load increase...
2026-10-07 23:03:57,191 [INFO] [CpuWorker] Current Load: 5.00%
2026-10-07 23:03:57,788 [INFO] [MemoryWorker] Current Heap: 25MB
2026-10-07 23:04:00,310 [INFO] [CpuWorker] Current Load: 8.07%
2026-10-07 23:04:00,810 [INFO] [MemoryWorker] Current Heap: 50MB
2026-10-07 23:04:03,430 [INFO] [CpuWorker] Current Load: 16.76%
2026-10-07 23:04:03,833 [INFO] [MemoryWorker] Current Heap: 75MB
2026-10-07 23:04:06,551 [INFO] [CpuWorker] Current Load: 18.84%
2026-10-07 23:04:06,857 [INFO] [MemoryWorker] Current Heap: 100MB
2026-10-07 23:04:09,670 [INFO] [CpuWorker] Current Load: 27.09%
2026-10-07 23:04:09,914 [INFO] [MemoryWorker] Current Heap: 125MB
2026-10-07 23:04:12,788 [INFO] [CpuWorker] Current Load: 27.86%
2026-10-07 23:04:12,966 [INFO] [MemoryWorker] Current Heap: 150MB
2026-10-07 23:04:15,907 [INFO] [CpuWorker] Current Load: 30.34%
2026-10-07 23:04:16,023 [INFO] [MemoryWorker] Current Heap: 175MB
2026-10-07 23:04:19,041 [INFO] [CpuWorker] Current Load: 39.67%
2026-10-07 23:04:19,085 [INFO] [MemoryWorker] Current Heap: 200MB
2026-10-07 23:04:22,139 [INFO] [MemoryWorker] Current Heap: 225MB
2026-10-07 23:04:22,162 [INFO] [CpuWorker] Current Load: 40.12%
2026-10-07 23:04:25,197 [INFO] [MemoryWorker] Current Heap: 250MB
2026-10-07 23:04:25,281 [INFO] [CpuWorker] Current Load: 43.37%
2026-10-07 23:04:27,395 [INFO] [CpuWorker] Peak reached (50.00%). Starting cooldown...
2026-10-07 23:04:28,253 [INFO] [MemoryWorker] Current Heap: 275MB
2026-10-07 23:04:28,402 [INFO] [CpuWorker] Current Load: 50.00%
2026-10-07 23:04:31,310 [INFO] [MemoryWorker] Current Heap: 300MB
2026-10-07 23:04:31,552 [INFO] [CpuWorker] Current Load: 44.67%
2026-10-07 23:04:34,366 [INFO] [MemoryWorker] Current Heap: 325MB
2026-10-07 23:04:34,670 [INFO] [CpuWorker] Current Load: 40.56%
2026-10-07 23:04:37,420 [INFO] [MemoryWorker] Current Heap: 350MB
2026-10-07 23:04:37,791 [INFO] [CpuWorker] Current Load: 31.33%
2026-10-07 23:04:40,478 [INFO] [MemoryWorker] Current Heap: 375MB
2026-10-07 23:04:40,905 [INFO] [CpuWorker] Current Load: 26.33%
2026-10-07 23:04:43,532 [INFO] [MemoryWorker] Current Heap: 400MB
2026-10-07 23:04:44,024 [INFO] [CpuWorker] Current Load: 24.28%
2026-10-07 23:04:46,587 [INFO] [MemoryWorker] Current Heap: 425MB
2026-10-07 23:04:47,143 [INFO] [CpuWorker] Current Load: 23.45%
2026-10-07 23:04:49,644 [INFO] [MemoryWorker] Current Heap: 450MB
2026-10-07 23:04:50,264 [INFO] [CpuWorker] Current Load: 17.78%
2026-10-07 23:04:52,702 [INFO] [MemoryWorker] Current Heap: 475MB
2026-10-07 23:04:53,385 [INFO] [CpuWorker] Current Load: 10.10%
2026-10-07 23:04:55,758 [INFO] [MemoryWorker] Current Heap: 500MB
2026-10-07 23:04:56,504 [INFO] [CpuWorker] Current Load: 8.49%
2026-10-07 23:04:58,616 [INFO] [CpuWorker] Cooldown complete (5.00%). Resuming load increase...
2026-10-07 23:04:58,799 [INFO] [MemoryWorker] Current Heap: 525MB
2026-10-07 23:04:58,799 [WARNING] [MemoryWorker] Memory Usage Reached Limit (525MB). Starting cleanup...
2026-10-07 23:04:58,808 [INFO] [System] Memory Cache Flushed. Process Stabilized.

>>> [SYSTEM] MEMORY RECOVERED (Cache Cleared) <<<

2026-10-07 23:04:59,622 [INFO] [CpuWorker] Current Load: 5.00%
2026-10-07 23:05:02,742 [INFO] [CpuWorker] Current Load: 13.88%
2026-10-07 23:05:03,836 [INFO] [MemoryWorker] Current Heap: 25MB
2026-10-07 23:05:05,859 [INFO] [CpuWorker] Current Load: 17.44%
2026-10-07 23:05:06,855 [INFO] [MemoryWorker] Current Heap: 50MB
2026-10-07 23:05:08,980 [INFO] [CpuWorker] Current Load: 23.11%
2026-10-07 23:05:09,874 [INFO] [MemoryWorker] Current Heap: 75MB
2026-10-07 23:05:12,099 [INFO] [CpuWorker] Current Load: 23.53%
2026-10-07 23:05:12,896 [INFO] [MemoryWorker] Current Heap: 100MB
2026-10-07 23:05:15,219 [INFO] [CpuWorker] Current Load: 26.08%
2026-10-07 23:05:15,950 [INFO] [MemoryWorker] Current Heap: 125MB
2026-10-07 23:05:18,339 [INFO] [CpuWorker] Current Load: 29.10%
2026-10-07 23:05:19,004 [INFO] [MemoryWorker] Current Heap: 150MB
2026-10-07 23:05:21,457 [INFO] [CpuWorker] Current Load: 37.23%
2026-10-07 23:05:22,058 [INFO] [MemoryWorker] Current Heap: 175MB
2026-10-07 23:05:24,564 [INFO] [CpuWorker] Current Load: 40.82%
2026-10-07 23:05:25,113 [INFO] [MemoryWorker] Current Heap: 200MB
2026-10-07 23:05:27,681 [INFO] [CpuWorker] Current Load: 45.33%
2026-10-07 23:05:28,165 [INFO] [MemoryWorker] Current Heap: 225MB
2026-10-07 23:05:30,800 [INFO] [CpuWorker] Current Load: 49.35%
2026-10-07 23:05:31,219 [INFO] [MemoryWorker] Current Heap: 250MB
2026-10-07 23:05:32,912 [INFO] [CpuWorker] Peak reached (50.00%). Starting cooldown...
2026-10-07 23:05:33,917 [INFO] [CpuWorker] Current Load: 50.00%
2026-10-07 23:05:34,261 [INFO] [MemoryWorker] Current Heap: 275MB
2026-10-07 23:05:37,037 [INFO] [CpuWorker] Current Load: 40.93%
2026-10-07 23:05:37,316 [INFO] [MemoryWorker] Current Heap: 300MB

Session terminated, killing shell... ...killed.
